21:30:26 [cli]  GUARD strings_api_available=n/a outdated_class=absent isStOutdated=n/a admin_notice_hooked=false register_handler=true
21:30:28 [cli]  GUARD strings_api_available=n/a outdated_class=absent isStOutdated=n/a admin_notice_hooked=false register_handler=true
21:30:32 [cli]  GUARD strings_api_available=n/a outdated_class=absent isStOutdated=n/a admin_notice_hooked=false register_handler=true
21:30:35 [cli]  HOOK-STATE WPML_TM_VERSION=2.11.0 setup_complete= action(wpml_register_string)=1:closure filter(wpml_translate_string)=1:closure action(wpml_start_string_package_registration)=1:closure action(wpml_delete_unused_package_strings)=1:closure filter(wpml_st_get_string_package)=none filter(wpml_active_string_package_kinds)=none
21:30:35 [cli]  GUARD strings_api_available=n/a outdated_class=defined isStOutdated=false admin_notice_hooked=false register_handler=true
21:30:36 [cli]  HOOK-STATE WPML_TM_VERSION=2.11.0 setup_complete= action(wpml_register_string)=1:closure filter(wpml_translate_string)=1:closure action(wpml_start_string_package_registration)=1:closure action(wpml_delete_unused_package_strings)=1:closure filter(wpml_st_get_string_package)=none filter(wpml_active_string_package_kinds)=none
21:30:36 [cli]  GUARD strings_api_available=n/a outdated_class=absent isStOutdated=false admin_notice_hooked=false register_handler=true
21:30:37 [cli]  HOOK-STATE WPML_TM_VERSION=2.11.0 setup_complete= action(wpml_register_string)=1:closure filter(wpml_translate_string)=1:closure action(wpml_start_string_package_registration)=1:closure action(wpml_delete_unused_package_strings)=1:closure filter(wpml_st_get_string_package)=none filter(wpml_active_string_package_kinds)=none
21:30:37 [cli]  GUARD strings_api_available=n/a outdated_class=absent isStOutdated=false admin_notice_hooked=false register_handler=true
21:30:38 [cli]  HOOK-STATE WPML_TM_VERSION=2.11.0 setup_complete= action(wpml_register_string)=1:closure filter(wpml_translate_string)=1:closure action(wpml_start_string_package_registration)=1:closure action(wpml_delete_unused_package_strings)=1:closure filter(wpml_st_get_string_package)=none filter(wpml_active_string_package_kinds)=none
21:30:38 [cli]  GUARD-BOOT icl_version_defined=true handler=true st_global=WPML_String_Translation strings_api_available=true
21:30:38 [cli]  GUARD strings_api_available=true outdated_class=absent isStOutdated=false admin_notice_hooked=false register_handler=true
21:30:39 [cli]  HOOK-STATE WPML_TM_VERSION=2.11.0 setup_complete= action(wpml_register_string)=1:closure filter(wpml_translate_string)=1:closure action(wpml_start_string_package_registration)=1:closure action(wpml_delete_unused_package_strings)=1:closure filter(wpml_st_get_string_package)=none filter(wpml_active_string_package_kinds)=none
21:30:39 [cli]  GUARD-BOOT icl_version_defined=true handler=true st_global=WPML_String_Translation strings_api_available=true
21:30:39 [cli]  GUARD strings_api_available=true outdated_class=absent isStOutdated=false admin_notice_hooked=false register_handler=true
21:30:41 [cli]  HOOK-STATE WPML_TM_VERSION=2.11.0 setup_complete=1 action(wpml_register_string)=1:closure,10:WPML_Package_Translation::register_string_action filter(wpml_translate_string)=1:closure,10:WPML_Package_Translation::translate_string action(wpml_start_string_package_registration)=1:closure,10:WPML_Package_Translation::start_string_package_registration_action action(wpml_delete_unused_package_strings)=1:closure,10:WPML_Package_Translation::delete_unused_package_strings_action filter(wpml_st_get_string_package)=10:WPML_Package_Translation::get_string_package filter(wpml_active_string_package_kinds)=none
21:30:41 [cli]  GUARD-BOOT icl_version_defined=true handler=true st_global=WPML_String_Translation strings_api_available=true
21:30:41 [cli]  GUARD strings_api_available=true outdated_class=absent isStOutdated=false admin_notice_hooked=false register_handler=true
21:30:42 [cli]  HOOK-STATE WPML_TM_VERSION=2.11.0 setup_complete=1 action(wpml_register_string)=1:closure,10:WPML_Package_Translation::register_string_action filter(wpml_translate_string)=1:closure,10:WPML_Package_Translation::translate_string action(wpml_start_string_package_registration)=1:closure,10:WPML_Package_Translation::start_string_package_registration_action action(wpml_delete_unused_package_strings)=1:closure,10:WPML_Package_Translation::delete_unused_package_strings_action filter(wpml_st_get_string_package)=10:WPML_Package_Translation::get_string_package filter(wpml_active_string_package_kinds)=none
21:30:42 [cli]  GUARD-BOOT icl_version_defined=true handler=true st_global=WPML_String_Translation strings_api_available=true
21:30:43 [cli]  GUARD strings_api_available=true outdated_class=absent isStOutdated=false admin_notice_hooked=false register_handler=true
21:30:43 [cli]  HOOK-STATE WPML_TM_VERSION=2.11.0 setup_complete=1 action(wpml_register_string)=1:closure,10:WPML_Package_Translation::register_string_action filter(wpml_translate_string)=1:closure,10:WPML_Package_Translation::translate_string action(wpml_start_string_package_registration)=1:closure,10:WPML_Package_Translation::start_string_package_registration_action action(wpml_delete_unused_package_strings)=1:closure,10:WPML_Package_Translation::delete_unused_package_strings_action filter(wpml_st_get_string_package)=10:WPML_Package_Translation::get_string_package filter(wpml_active_string_package_kinds)=none
21:30:43 [cli]  GUARD-BOOT icl_version_defined=true handler=true st_global=WPML_String_Translation strings_api_available=true
21:30:43 [cli]  GUARD strings_api_available=true outdated_class=absent isStOutdated=false admin_notice_hooked=false register_handler=true
21:30:44 [cli]  HOOK-STATE WPML_TM_VERSION=2.11.0 setup_complete=1 action(wpml_register_string)=1:closure,10:WPML_Package_Translation::register_string_action filter(wpml_translate_string)=1:closure,10:WPML_Package_Translation::translate_string action(wpml_start_string_package_registration)=1:closure,10:WPML_Package_Translation::start_string_package_registration_action action(wpml_delete_unused_package_strings)=1:closure,10:WPML_Package_Translation::delete_unused_package_strings_action filter(wpml_st_get_string_package)=10:WPML_Package_Translation::get_string_package filter(wpml_active_string_package_kinds)=none
21:30:44 [cli]  GUARD-BOOT icl_version_defined=true handler=true st_global=WPML_String_Translation strings_api_available=true
21:30:44 [cli]  GUARD strings_api_available=true outdated_class=absent isStOutdated=false admin_notice_hooked=false register_handler=true
21:30:46 [cli]  EMIT wpml_start_string_package_registration package=open-product-fields/14 title=Gift options (#14)
21:30:46 [cli]  EMIT wpml_register_string name=field:gift:label type=LINE value=Gift wrap package=open-product-fields/14
21:30:46 [cli]  EMIT wpml_register_string name=field:gift:description type=AREA value=Choose wrapping package=open-product-fields/14
21:30:46 [cli]  EMIT wpml_register_string name=field:gift:placeholder type=LINE value=Select an option package=open-product-fields/14
21:30:46 [cli]  EMIT wpml_register_string name=field:gift:choice:red type=LINE value=Red package=open-product-fields/14
21:30:46 [cli]  EMIT wpml_register_string name=field:gift:choice:blue type=LINE value=Blue package=open-product-fields/14
21:30:46 [cli]  EMIT wpml_register_string name=field:note:label type=LINE value=Note package=open-product-fields/14
21:30:46 [cli]  EMIT wpml_register_string name=field:note:placeholder type=LINE value=Add a note package=open-product-fields/14
21:30:46 [cli]  EMIT wpml_register_string name=field:info:content type=VISUAL value=<b>Information</b> package=open-product-fields/14
21:30:46 [cli]  EMIT wpml_register_string name=field:extra:label type=LINE value=Extras package=open-product-fields/14
21:30:46 [cli]  EMIT wpml_register_string name=field:extra:choice:card type=LINE value=Card package=open-product-fields/14
21:30:46 [cli]  EMIT wpml_register_string name=field:extra:repeat:add type=LINE value=Add another package=open-product-fields/14
21:30:46 [cli]  EMIT wpml_register_string name=field:extra:repeat:del type=LINE value=Remove package=open-product-fields/14
21:30:46 [cli]  EMIT wpml_register_string name=field:extra:repeat:label type=LINE value=Copy {n} package=open-product-fields/14
21:30:46 [cli]  EMIT wpml_delete_unused_package_strings package=open-product-fields/14
21:30:47 [cli]  HOOK-STATE WPML_TM_VERSION=2.11.0 setup_complete=1 action(wpml_register_string)=1:closure,10:WPML_Package_Translation::register_string_action filter(wpml_translate_string)=1:closure,10:WPML_Package_Translation::translate_string action(wpml_start_string_package_registration)=1:closure,10:WPML_Package_Translation::start_string_package_registration_action action(wpml_delete_unused_package_strings)=1:closure,10:WPML_Package_Translation::delete_unused_package_strings_action filter(wpml_st_get_string_package)=10:WPML_Package_Translation::get_string_package filter(wpml_active_string_package_kinds)=none
21:30:47 [cli]  GUARD-BOOT icl_version_defined=true handler=true st_global=WPML_String_Translation strings_api_available=true
21:30:47 [cli]  GUARD strings_api_available=true outdated_class=absent isStOutdated=false admin_notice_hooked=false register_handler=true
21:30:47 [cli]  FILTER wpml_translate_string in=field:gift:label package=open-product-fields/14 out=Gift wrap
21:30:47 [cli]  FILTER wpml_translate_string in=field:gift:description package=open-product-fields/14 out=Choose wrapping
21:30:47 [cli]  FILTER wpml_translate_string in=field:gift:placeholder package=open-product-fields/14 out=Select an option
21:30:47 [cli]  FILTER wpml_translate_string in=field:gift:choice:red package=open-product-fields/14 out=Red
21:30:47 [cli]  FILTER wpml_translate_string in=field:gift:choice:blue package=open-product-fields/14 out=Blue
21:30:47 [cli]  FILTER wpml_translate_string in=field:note:label package=open-product-fields/14 out=Note
21:30:47 [cli]  FILTER wpml_translate_string in=field:note:placeholder package=open-product-fields/14 out=Add a note
21:30:47 [cli]  FILTER wpml_translate_string in=field:info:content package=open-product-fields/14 out=<b>Information</b>
21:30:47 [cli]  FILTER wpml_translate_string in=field:extra:label package=open-product-fields/14 out=Extras
21:30:47 [cli]  FILTER wpml_translate_string in=field:extra:choice:card package=open-product-fields/14 out=Card
21:30:47 [cli]  FILTER wpml_translate_string in=field:extra:repeat:add package=open-product-fields/14 out=Add another
21:30:47 [cli]  FILTER wpml_translate_string in=field:extra:repeat:del package=open-product-fields/14 out=Remove
21:30:47 [cli]  FILTER wpml_translate_string in=field:extra:repeat:label package=open-product-fields/14 out=Copy {n}
21:30:47 [cli]  FILTER wpml_translate_string in=field:gift:label package=open-product-fields/14 out=Gift wrap
21:30:47 [cli]  FILTER wpml_translate_string in=field:gift:description package=open-product-fields/14 out=Choose wrapping
21:30:47 [cli]  FILTER wpml_translate_string in=field:gift:placeholder package=open-product-fields/14 out=Select an option
21:30:47 [cli]  FILTER wpml_translate_string in=field:gift:choice:red package=open-product-fields/14 out=Red
21:30:47 [cli]  FILTER wpml_translate_string in=field:gift:choice:blue package=open-product-fields/14 out=Blue
21:30:47 [cli]  FILTER wpml_translate_string in=field:note:label package=open-product-fields/14 out=Note
21:30:47 [cli]  FILTER wpml_translate_string in=field:note:placeholder package=open-product-fields/14 out=Add a note
21:30:47 [cli]  FILTER wpml_translate_string in=field:info:content package=open-product-fields/14 out=<b>Information</b>
21:30:47 [cli]  FILTER wpml_translate_string in=field:extra:label package=open-product-fields/14 out=Extras
21:30:47 [cli]  FILTER wpml_translate_string in=field:extra:choice:card package=open-product-fields/14 out=Card
21:30:47 [cli]  FILTER wpml_translate_string in=field:extra:repeat:add package=open-product-fields/14 out=Add another
21:30:47 [cli]  FILTER wpml_translate_string in=field:extra:repeat:del package=open-product-fields/14 out=Remove
21:30:47 [cli]  FILTER wpml_translate_string in=field:extra:repeat:label package=open-product-fields/14 out=Copy {n}
21:30:47 [cli]  FILTER wpml_translate_string in=field:gift:label package=open-product-fields/14 out=Gift wrap
21:30:47 [cli]  FILTER wpml_translate_string in=field:gift:description package=open-product-fields/14 out=Choose wrapping
21:30:47 [cli]  FILTER wpml_translate_string in=field:gift:placeholder package=open-product-fields/14 out=Select an option
21:30:47 [cli]  FILTER wpml_translate_string in=field:gift:choice:red package=open-product-fields/14 out=Red
21:30:47 [cli]  FILTER wpml_translate_string in=field:gift:choice:blue package=open-product-fields/14 out=Blue
21:30:47 [cli]  FILTER wpml_translate_string in=field:note:label package=open-product-fields/14 out=Note
21:30:47 [cli]  FILTER wpml_translate_string in=field:note:placeholder package=open-product-fields/14 out=Add a note
21:30:47 [cli]  FILTER wpml_translate_string in=field:info:content package=open-product-fields/14 out=<b>Information</b>
21:30:47 [cli]  FILTER wpml_translate_string in=field:extra:label package=open-product-fields/14 out=Extras
21:30:47 [cli]  FILTER wpml_translate_string in=field:extra:choice:card package=open-product-fields/14 out=Card
21:30:47 [cli]  FILTER wpml_translate_string in=field:extra:repeat:add package=open-product-fields/14 out=Add another
21:30:47 [cli]  FILTER wpml_translate_string in=field:extra:repeat:del package=open-product-fields/14 out=Remove
21:30:47 [cli]  FILTER wpml_translate_string in=field:extra:repeat:label package=open-product-fields/14 out=Copy {n}
21:30:47 [cli]  FILTER wpml_translate_string in=field:gift:label package=open-product-fields/14 out=Gift wrap
21:30:47 [cli]  FILTER wpml_translate_string in=field:gift:description package=open-product-fields/14 out=Choose wrapping
21:30:47 [cli]  FILTER wpml_translate_string in=field:gift:placeholder package=open-product-fields/14 out=Select an option
21:30:47 [cli]  FILTER wpml_translate_string in=field:gift:choice:red package=open-product-fields/14 out=Red
21:30:47 [cli]  FILTER wpml_translate_string in=field:gift:choice:blue package=open-product-fields/14 out=Blue
21:30:47 [cli]  FILTER wpml_translate_string in=field:note:label package=open-product-fields/14 out=Note
21:30:47 [cli]  FILTER wpml_translate_string in=field:note:placeholder package=open-product-fields/14 out=Add a note
21:30:47 [cli]  FILTER wpml_translate_string in=field:info:content package=open-product-fields/14 out=<b>Information</b>
21:30:47 [cli]  FILTER wpml_translate_string in=field:extra:label package=open-product-fields/14 out=Extras
21:30:47 [cli]  FILTER wpml_translate_string in=field:extra:choice:card package=open-product-fields/14 out=Card
21:30:47 [cli]  FILTER wpml_translate_string in=field:extra:repeat:add package=open-product-fields/14 out=Add another
21:30:47 [cli]  FILTER wpml_translate_string in=field:extra:repeat:del package=open-product-fields/14 out=Remove
21:30:47 [cli]  FILTER wpml_translate_string in=field:extra:repeat:label package=open-product-fields/14 out=Copy {n}
21:30:48 [cli]  HOOK-STATE WPML_TM_VERSION=2.11.0 setup_complete=1 action(wpml_register_string)=1:closure,10:WPML_Package_Translation::register_string_action filter(wpml_translate_string)=1:closure,10:WPML_Package_Translation::translate_string action(wpml_start_string_package_registration)=1:closure,10:WPML_Package_Translation::start_string_package_registration_action action(wpml_delete_unused_package_strings)=1:closure,10:WPML_Package_Translation::delete_unused_package_strings_action filter(wpml_st_get_string_package)=10:WPML_Package_Translation::get_string_package filter(wpml_active_string_package_kinds)=none
21:30:48 [cli]  GUARD-BOOT icl_version_defined=true handler=true st_global=WPML_String_Translation strings_api_available=true
21:30:48 [cli]  GUARD strings_api_available=true outdated_class=absent isStOutdated=false admin_notice_hooked=false register_handler=true
21:30:48 [cli]  FILTER wpml_translate_string in=field:gift:label package=open-product-fields/14 out=Gift wrap
21:30:48 [cli]  FILTER wpml_translate_string in=field:gift:description package=open-product-fields/14 out=Choose wrapping
21:30:48 [cli]  FILTER wpml_translate_string in=field:gift:placeholder package=open-product-fields/14 out=Select an option
21:30:48 [cli]  FILTER wpml_translate_string in=field:gift:choice:red package=open-product-fields/14 out=Red
21:30:48 [cli]  FILTER wpml_translate_string in=field:gift:choice:blue package=open-product-fields/14 out=Blue
21:30:48 [cli]  FILTER wpml_translate_string in=field:note:label package=open-product-fields/14 out=Note
21:30:48 [cli]  FILTER wpml_translate_string in=field:note:placeholder package=open-product-fields/14 out=Add a note
21:30:48 [cli]  FILTER wpml_translate_string in=field:info:content package=open-product-fields/14 out=<b>Information</b>
21:30:48 [cli]  FILTER wpml_translate_string in=field:extra:label package=open-product-fields/14 out=Extras
21:30:48 [cli]  FILTER wpml_translate_string in=field:extra:choice:card package=open-product-fields/14 out=Card
21:30:48 [cli]  FILTER wpml_translate_string in=field:extra:repeat:add package=open-product-fields/14 out=Add another
21:30:48 [cli]  FILTER wpml_translate_string in=field:extra:repeat:del package=open-product-fields/14 out=Remove
21:30:48 [cli]  FILTER wpml_translate_string in=field:extra:repeat:label package=open-product-fields/14 out=Copy {n}
21:30:48 [cli]  FILTER wpml_translate_string in=field:gift:label package=open-product-fields/14 out=Gift wrap
21:30:48 [cli]  FILTER wpml_translate_string in=field:gift:description package=open-product-fields/14 out=Choose wrapping
21:30:48 [cli]  FILTER wpml_translate_string in=field:gift:placeholder package=open-product-fields/14 out=Select an option
21:30:48 [cli]  FILTER wpml_translate_string in=field:gift:choice:red package=open-product-fields/14 out=Red
21:30:48 [cli]  FILTER wpml_translate_string in=field:gift:choice:blue package=open-product-fields/14 out=Blue
21:30:48 [cli]  FILTER wpml_translate_string in=field:note:label package=open-product-fields/14 out=Note
21:30:48 [cli]  FILTER wpml_translate_string in=field:note:placeholder package=open-product-fields/14 out=Add a note
21:30:48 [cli]  FILTER wpml_translate_string in=field:info:content package=open-product-fields/14 out=<b>Information</b>
21:30:48 [cli]  FILTER wpml_translate_string in=field:extra:label package=open-product-fields/14 out=Extras
21:30:48 [cli]  FILTER wpml_translate_string in=field:extra:choice:card package=open-product-fields/14 out=Card
21:30:48 [cli]  FILTER wpml_translate_string in=field:extra:repeat:add package=open-product-fields/14 out=Add another
21:30:48 [cli]  FILTER wpml_translate_string in=field:extra:repeat:del package=open-product-fields/14 out=Remove
21:30:48 [cli]  FILTER wpml_translate_string in=field:extra:repeat:label package=open-product-fields/14 out=Copy {n}
21:30:48 [cli]  FILTER wpml_translate_string in=field:gift:label package=open-product-fields/14 out=Gift wrap
21:30:48 [cli]  FILTER wpml_translate_string in=field:gift:description package=open-product-fields/14 out=Choose wrapping
21:30:48 [cli]  FILTER wpml_translate_string in=field:gift:placeholder package=open-product-fields/14 out=Select an option
21:30:48 [cli]  FILTER wpml_translate_string in=field:gift:choice:red package=open-product-fields/14 out=Red
21:30:48 [cli]  FILTER wpml_translate_string in=field:gift:choice:blue package=open-product-fields/14 out=Blue
21:30:48 [cli]  FILTER wpml_translate_string in=field:note:label package=open-product-fields/14 out=Note
21:30:48 [cli]  FILTER wpml_translate_string in=field:note:placeholder package=open-product-fields/14 out=Add a note
21:30:48 [cli]  FILTER wpml_translate_string in=field:info:content package=open-product-fields/14 out=<b>Information</b>
21:30:48 [cli]  FILTER wpml_translate_string in=field:extra:label package=open-product-fields/14 out=Extras
21:30:48 [cli]  FILTER wpml_translate_string in=field:extra:choice:card package=open-product-fields/14 out=Card
21:30:48 [cli]  FILTER wpml_translate_string in=field:extra:repeat:add package=open-product-fields/14 out=Add another
21:30:48 [cli]  FILTER wpml_translate_string in=field:extra:repeat:del package=open-product-fields/14 out=Remove
21:30:48 [cli]  FILTER wpml_translate_string in=field:extra:repeat:label package=open-product-fields/14 out=Copy {n}
21:30:48 [cli]  FILTER wpml_translate_string in=field:gift:label package=open-product-fields/14 out=Gift wrap
21:30:48 [cli]  FILTER wpml_translate_string in=field:gift:description package=open-product-fields/14 out=Choose wrapping
21:30:48 [cli]  FILTER wpml_translate_string in=field:gift:placeholder package=open-product-fields/14 out=Select an option
21:30:48 [cli]  FILTER wpml_translate_string in=field:gift:choice:red package=open-product-fields/14 out=Red
21:30:48 [cli]  FILTER wpml_translate_string in=field:gift:choice:blue package=open-product-fields/14 out=Blue
21:30:48 [cli]  FILTER wpml_translate_string in=field:note:label package=open-product-fields/14 out=Note
21:30:48 [cli]  FILTER wpml_translate_string in=field:note:placeholder package=open-product-fields/14 out=Add a note
21:30:48 [cli]  FILTER wpml_translate_string in=field:info:content package=open-product-fields/14 out=<b>Information</b>
21:30:48 [cli]  FILTER wpml_translate_string in=field:extra:label package=open-product-fields/14 out=Extras
21:30:48 [cli]  FILTER wpml_translate_string in=field:extra:choice:card package=open-product-fields/14 out=Card
21:30:48 [cli]  FILTER wpml_translate_string in=field:extra:repeat:add package=open-product-fields/14 out=Add another
21:30:48 [cli]  FILTER wpml_translate_string in=field:extra:repeat:del package=open-product-fields/14 out=Remove
21:30:48 [cli]  FILTER wpml_translate_string in=field:extra:repeat:label package=open-product-fields/14 out=Copy {n}
21:30:49 [cli]  HOOK-STATE WPML_TM_VERSION=2.11.0 setup_complete=1 action(wpml_register_string)=1:closure,10:WPML_Package_Translation::register_string_action filter(wpml_translate_string)=1:closure,10:WPML_Package_Translation::translate_string action(wpml_start_string_package_registration)=1:closure,10:WPML_Package_Translation::start_string_package_registration_action action(wpml_delete_unused_package_strings)=1:closure,10:WPML_Package_Translation::delete_unused_package_strings_action filter(wpml_st_get_string_package)=10:WPML_Package_Translation::get_string_package filter(wpml_active_string_package_kinds)=none
21:30:49 [cli]  GUARD-BOOT icl_version_defined=true handler=true st_global=WPML_String_Translation strings_api_available=true
21:30:49 [cli]  GUARD strings_api_available=true outdated_class=absent isStOutdated=false admin_notice_hooked=false register_handler=true
21:30:49 [cli]  FILTER wpml_translate_string in=field:gift:label package=open-product-fields/14 out=Gift wrap
21:30:49 [cli]  FILTER wpml_translate_string in=field:gift:choice:red package=open-product-fields/14 out=Red
21:30:49 [cli]  FILTER wpml_translate_string in=field:extra:repeat:add package=open-product-fields/14 out=Add another
21:30:49 [cli]  FILTER wpml_translate_string in=field:gift:label package=open-product-fields/14 out=Gift wrap
21:30:49 [cli]  FILTER wpml_translate_string in=field:gift:choice:red package=open-product-fields/14 out=Red
21:30:49 [cli]  FILTER wpml_translate_string in=field:extra:repeat:add package=open-product-fields/14 out=Add another
21:30:49 [cli]  FILTER wpml_translate_string in=field:gift:label package=open-product-fields/14 out=Gift wrap
21:30:49 [cli]  FILTER wpml_translate_string in=field:gift:description package=open-product-fields/14 out=Choose wrapping
21:30:49 [cli]  FILTER wpml_translate_string in=field:gift:placeholder package=open-product-fields/14 out=Select an option
21:30:49 [cli]  FILTER wpml_translate_string in=field:gift:choice:red package=open-product-fields/14 out=Red
21:30:49 [cli]  FILTER wpml_translate_string in=field:gift:choice:blue package=open-product-fields/14 out=Blue
21:30:49 [cli]  FILTER wpml_translate_string in=field:note:label package=open-product-fields/14 out=Note
21:30:49 [cli]  FILTER wpml_translate_string in=field:note:placeholder package=open-product-fields/14 out=Add a note
21:30:49 [cli]  FILTER wpml_translate_string in=field:info:content package=open-product-fields/14 out=<b>Information</b>
21:30:49 [cli]  FILTER wpml_translate_string in=field:extra:label package=open-product-fields/14 out=Extras
21:30:49 [cli]  FILTER wpml_translate_string in=field:extra:choice:card package=open-product-fields/14 out=Card
21:30:49 [cli]  FILTER wpml_translate_string in=field:extra:repeat:add package=open-product-fields/14 out=Add another
21:30:49 [cli]  FILTER wpml_translate_string in=field:extra:repeat:del package=open-product-fields/14 out=Remove
21:30:49 [cli]  FILTER wpml_translate_string in=field:extra:repeat:label package=open-product-fields/14 out=Copy {n}
21:30:49 [cli]  FILTER wpml_translate_string in=field:gift:label package=open-product-fields/14 out=Gift wrap
21:30:49 [cli]  FILTER wpml_translate_string in=field:gift:description package=open-product-fields/14 out=Choose wrapping
21:30:49 [cli]  FILTER wpml_translate_string in=field:gift:placeholder package=open-product-fields/14 out=Select an option
21:30:49 [cli]  FILTER wpml_translate_string in=field:gift:choice:red package=open-product-fields/14 out=Red
21:30:49 [cli]  FILTER wpml_translate_string in=field:gift:choice:blue package=open-product-fields/14 out=Blue
21:30:49 [cli]  FILTER wpml_translate_string in=field:note:label package=open-product-fields/14 out=Note
21:30:49 [cli]  FILTER wpml_translate_string in=field:note:placeholder package=open-product-fields/14 out=Add a note
21:30:49 [cli]  FILTER wpml_translate_string in=field:info:content package=open-product-fields/14 out=<b>Information</b>
21:30:49 [cli]  FILTER wpml_translate_string in=field:extra:label package=open-product-fields/14 out=Extras
21:30:49 [cli]  FILTER wpml_translate_string in=field:extra:choice:card package=open-product-fields/14 out=Card
21:30:49 [cli]  FILTER wpml_translate_string in=field:extra:repeat:add package=open-product-fields/14 out=Add another
21:30:49 [cli]  FILTER wpml_translate_string in=field:extra:repeat:del package=open-product-fields/14 out=Remove
21:30:49 [cli]  FILTER wpml_translate_string in=field:extra:repeat:label package=open-product-fields/14 out=Copy {n}
21:30:50 [cli]  HOOK-STATE WPML_TM_VERSION=2.11.0 setup_complete=1 action(wpml_register_string)=1:closure,10:WPML_Package_Translation::register_string_action filter(wpml_translate_string)=1:closure,10:WPML_Package_Translation::translate_string action(wpml_start_string_package_registration)=1:closure,10:WPML_Package_Translation::start_string_package_registration_action action(wpml_delete_unused_package_strings)=1:closure,10:WPML_Package_Translation::delete_unused_package_strings_action filter(wpml_st_get_string_package)=10:WPML_Package_Translation::get_string_package filter(wpml_active_string_package_kinds)=none
21:30:50 [cli]  GUARD-BOOT icl_version_defined=true handler=true st_global=WPML_String_Translation strings_api_available=true
21:30:50 [cli]  GUARD strings_api_available=true outdated_class=absent isStOutdated=false admin_notice_hooked=false register_handler=true
21:30:55 [cli]  HOOK-STATE WPML_TM_VERSION=2.11.0 setup_complete=1 action(wpml_register_string)=1:closure,10:WPML_Package_Translation::register_string_action filter(wpml_translate_string)=1:closure,10:WPML_Package_Translation::translate_string action(wpml_start_string_package_registration)=1:closure,10:WPML_Package_Translation::start_string_package_registration_action action(wpml_delete_unused_package_strings)=1:closure,10:WPML_Package_Translation::delete_unused_package_strings_action filter(wpml_st_get_string_package)=10:WPML_Package_Translation::get_string_package filter(wpml_active_string_package_kinds)=none
21:30:55 [cli]  GUARD-BOOT icl_version_defined=true handler=true st_global=WPML_String_Translation strings_api_available=true
21:30:55 [cli]  GUARD strings_api_available=true outdated_class=absent isStOutdated=false admin_notice_hooked=false register_handler=true
21:30:55 [cli]  FILTER wpml_translate_string in=field:gift:label package=open-product-fields/14 out=Gift wrap
21:30:55 [cli]  FILTER wpml_translate_string in=field:gift:description package=open-product-fields/14 out=Choose wrapping
21:30:55 [cli]  FILTER wpml_translate_string in=field:gift:placeholder package=open-product-fields/14 out=Select an option
21:30:55 [cli]  FILTER wpml_translate_string in=field:gift:choice:red package=open-product-fields/14 out=Red
21:30:55 [cli]  FILTER wpml_translate_string in=field:gift:choice:blue package=open-product-fields/14 out=Blue
21:30:55 [cli]  FILTER wpml_translate_string in=field:note:label package=open-product-fields/14 out=Note
21:30:55 [cli]  FILTER wpml_translate_string in=field:note:placeholder package=open-product-fields/14 out=Add a note
21:30:55 [cli]  FILTER wpml_translate_string in=field:info:content package=open-product-fields/14 out=<b>Information</b>
21:30:55 [cli]  FILTER wpml_translate_string in=field:extra:label package=open-product-fields/14 out=Extras
21:30:55 [cli]  FILTER wpml_translate_string in=field:extra:choice:card package=open-product-fields/14 out=Card
21:30:55 [cli]  FILTER wpml_translate_string in=field:extra:repeat:add package=open-product-fields/14 out=Add another
21:30:55 [cli]  FILTER wpml_translate_string in=field:extra:repeat:del package=open-product-fields/14 out=Remove
21:30:55 [cli]  FILTER wpml_translate_string in=field:extra:repeat:label package=open-product-fields/14 out=Copy {n}
21:30:55 [cli]  FILTER wpml_translate_string in=field:gift:label package=open-product-fields/14 out=Gift wrap
21:30:55 [cli]  FILTER wpml_translate_string in=field:gift:description package=open-product-fields/14 out=Choose wrapping
21:30:55 [cli]  FILTER wpml_translate_string in=field:gift:placeholder package=open-product-fields/14 out=Select an option
21:30:55 [cli]  FILTER wpml_translate_string in=field:gift:choice:red package=open-product-fields/14 out=Red
21:30:55 [cli]  FILTER wpml_translate_string in=field:gift:choice:blue package=open-product-fields/14 out=Blue
21:30:55 [cli]  FILTER wpml_translate_string in=field:note:label package=open-product-fields/14 out=Note
21:30:55 [cli]  FILTER wpml_translate_string in=field:note:placeholder package=open-product-fields/14 out=Add a note
21:30:55 [cli]  FILTER wpml_translate_string in=field:info:content package=open-product-fields/14 out=<b>Information</b>
21:30:55 [cli]  FILTER wpml_translate_string in=field:extra:label package=open-product-fields/14 out=Extras
21:30:55 [cli]  FILTER wpml_translate_string in=field:extra:choice:card package=open-product-fields/14 out=Card
21:30:55 [cli]  FILTER wpml_translate_string in=field:extra:repeat:add package=open-product-fields/14 out=Add another
21:30:55 [cli]  FILTER wpml_translate_string in=field:extra:repeat:del package=open-product-fields/14 out=Remove
21:30:55 [cli]  FILTER wpml_translate_string in=field:extra:repeat:label package=open-product-fields/14 out=Copy {n}
21:30:55 [cli]  FILTER wpml_translate_string in=field:gift:label package=open-product-fields/14 out=Gift wrap
21:30:55 [cli]  FILTER wpml_translate_string in=field:gift:description package=open-product-fields/14 out=Choose wrapping
21:30:55 [cli]  FILTER wpml_translate_string in=field:gift:placeholder package=open-product-fields/14 out=Select an option
21:30:55 [cli]  FILTER wpml_translate_string in=field:gift:choice:red package=open-product-fields/14 out=Red
21:30:55 [cli]  FILTER wpml_translate_string in=field:gift:choice:blue package=open-product-fields/14 out=Blue
21:30:55 [cli]  FILTER wpml_translate_string in=field:note:label package=open-product-fields/14 out=Note
21:30:55 [cli]  FILTER wpml_translate_string in=field:note:placeholder package=open-product-fields/14 out=Add a note
21:30:55 [cli]  FILTER wpml_translate_string in=field:info:content package=open-product-fields/14 out=<b>Information</b>
21:30:55 [cli]  FILTER wpml_translate_string in=field:extra:label package=open-product-fields/14 out=Extras
21:30:55 [cli]  FILTER wpml_translate_string in=field:extra:choice:card package=open-product-fields/14 out=Card
21:30:55 [cli]  FILTER wpml_translate_string in=field:extra:repeat:add package=open-product-fields/14 out=Add another
21:30:55 [cli]  FILTER wpml_translate_string in=field:extra:repeat:del package=open-product-fields/14 out=Remove
21:30:55 [cli]  FILTER wpml_translate_string in=field:extra:repeat:label package=open-product-fields/14 out=Copy {n}
21:30:55 [cli]  FILTER wpml_translate_string in=field:gift:label package=open-product-fields/14 out=Gift wrap
21:30:55 [cli]  FILTER wpml_translate_string in=field:gift:description package=open-product-fields/14 out=Choose wrapping
21:30:55 [cli]  FILTER wpml_translate_string in=field:gift:placeholder package=open-product-fields/14 out=Select an option
21:30:55 [cli]  FILTER wpml_translate_string in=field:gift:choice:red package=open-product-fields/14 out=Red
21:30:55 [cli]  FILTER wpml_translate_string in=field:gift:choice:blue package=open-product-fields/14 out=Blue
21:30:55 [cli]  FILTER wpml_translate_string in=field:note:label package=open-product-fields/14 out=Note
21:30:55 [cli]  FILTER wpml_translate_string in=field:note:placeholder package=open-product-fields/14 out=Add a note
21:30:55 [cli]  FILTER wpml_translate_string in=field:info:content package=open-product-fields/14 out=<b>Information</b>
21:30:55 [cli]  FILTER wpml_translate_string in=field:extra:label package=open-product-fields/14 out=Extras
21:30:55 [cli]  FILTER wpml_translate_string in=field:extra:choice:card package=open-product-fields/14 out=Card
21:30:55 [cli]  FILTER wpml_translate_string in=field:extra:repeat:add package=open-product-fields/14 out=Add another
21:30:55 [cli]  FILTER wpml_translate_string in=field:extra:repeat:del package=open-product-fields/14 out=Remove
21:30:55 [cli]  FILTER wpml_translate_string in=field:extra:repeat:label package=open-product-fields/14 out=Copy {n}
21:30:55 [cli]  FILTER wpml_translate_string in=field:gift:label package=open-product-fields/14 out=Gift wrap
21:30:55 [cli]  FILTER wpml_translate_string in=field:gift:description package=open-product-fields/14 out=Choose wrapping
21:30:55 [cli]  FILTER wpml_translate_string in=field:gift:placeholder package=open-product-fields/14 out=Select an option
21:30:55 [cli]  FILTER wpml_translate_string in=field:gift:choice:red package=open-product-fields/14 out=Red
21:30:55 [cli]  FILTER wpml_translate_string in=field:gift:choice:blue package=open-product-fields/14 out=Blue
21:30:55 [cli]  FILTER wpml_translate_string in=field:note:label package=open-product-fields/14 out=Note
21:30:55 [cli]  FILTER wpml_translate_string in=field:note:placeholder package=open-product-fields/14 out=Add a note
21:30:55 [cli]  FILTER wpml_translate_string in=field:info:content package=open-product-fields/14 out=<b>Information</b>
21:30:55 [cli]  FILTER wpml_translate_string in=field:extra:label package=open-product-fields/14 out=Extras
21:30:55 [cli]  FILTER wpml_translate_string in=field:extra:choice:card package=open-product-fields/14 out=Card
21:30:55 [cli]  FILTER wpml_translate_string in=field:extra:repeat:add package=open-product-fields/14 out=Add another
21:30:55 [cli]  FILTER wpml_translate_string in=field:extra:repeat:del package=open-product-fields/14 out=Remove
21:30:55 [cli]  FILTER wpml_translate_string in=field:extra:repeat:label package=open-product-fields/14 out=Copy {n}
21:30:55 [cli]  FILTER wpml_translate_string in=field:gift:label package=open-product-fields/14 out=Gift wrap
21:30:55 [cli]  FILTER wpml_translate_string in=field:gift:description package=open-product-fields/14 out=Choose wrapping
21:30:55 [cli]  FILTER wpml_translate_string in=field:gift:placeholder package=open-product-fields/14 out=Select an option
21:30:55 [cli]  FILTER wpml_translate_string in=field:gift:choice:red package=open-product-fields/14 out=Red
21:30:55 [cli]  FILTER wpml_translate_string in=field:gift:choice:blue package=open-product-fields/14 out=Blue
21:30:55 [cli]  FILTER wpml_translate_string in=field:note:label package=open-product-fields/14 out=Note
21:30:55 [cli]  FILTER wpml_translate_string in=field:note:placeholder package=open-product-fields/14 out=Add a note
21:30:55 [cli]  FILTER wpml_translate_string in=field:info:content package=open-product-fields/14 out=<b>Information</b>
21:30:55 [cli]  FILTER wpml_translate_string in=field:extra:label package=open-product-fields/14 out=Extras
21:30:55 [cli]  FILTER wpml_translate_string in=field:extra:choice:card package=open-product-fields/14 out=Card
21:30:55 [cli]  FILTER wpml_translate_string in=field:extra:repeat:add package=open-product-fields/14 out=Add another
21:30:55 [cli]  FILTER wpml_translate_string in=field:extra:repeat:del package=open-product-fields/14 out=Remove
21:30:55 [cli]  FILTER wpml_translate_string in=field:extra:repeat:label package=open-product-fields/14 out=Copy {n}
21:30:55 [cli]  FILTER wpml_translate_string in=field:gift:label package=open-product-fields/14 out=Gift wrap
21:30:55 [cli]  FILTER wpml_translate_string in=field:gift:description package=open-product-fields/14 out=Choose wrapping
21:30:55 [cli]  FILTER wpml_translate_string in=field:gift:placeholder package=open-product-fields/14 out=Select an option
21:30:55 [cli]  FILTER wpml_translate_string in=field:gift:choice:red package=open-product-fields/14 out=Red
21:30:55 [cli]  FILTER wpml_translate_string in=field:gift:choice:blue package=open-product-fields/14 out=Blue
21:30:55 [cli]  FILTER wpml_translate_string in=field:note:label package=open-product-fields/14 out=Note
21:30:55 [cli]  FILTER wpml_translate_string in=field:note:placeholder package=open-product-fields/14 out=Add a note
21:30:55 [cli]  FILTER wpml_translate_string in=field:info:content package=open-product-fields/14 out=<b>Information</b>
21:30:55 [cli]  FILTER wpml_translate_string in=field:extra:label package=open-product-fields/14 out=Extras
21:30:55 [cli]  FILTER wpml_translate_string in=field:extra:choice:card package=open-product-fields/14 out=Card
21:30:55 [cli]  FILTER wpml_translate_string in=field:extra:repeat:add package=open-product-fields/14 out=Add another
21:30:55 [cli]  FILTER wpml_translate_string in=field:extra:repeat:del package=open-product-fields/14 out=Remove
21:30:55 [cli]  FILTER wpml_translate_string in=field:extra:repeat:label package=open-product-fields/14 out=Copy {n}
21:30:55 [cli]  FILTER wpml_translate_string in=field:gift:label package=open-product-fields/14 out=Gift wrap
21:30:55 [cli]  FILTER wpml_translate_string in=field:gift:description package=open-product-fields/14 out=Choose wrapping
21:30:55 [cli]  FILTER wpml_translate_string in=field:gift:placeholder package=open-product-fields/14 out=Select an option
21:30:55 [cli]  FILTER wpml_translate_string in=field:gift:choice:red package=open-product-fields/14 out=Red
21:30:55 [cli]  FILTER wpml_translate_string in=field:gift:choice:blue package=open-product-fields/14 out=Blue
21:30:55 [cli]  FILTER wpml_translate_string in=field:note:label package=open-product-fields/14 out=Note
21:30:55 [cli]  FILTER wpml_translate_string in=field:note:placeholder package=open-product-fields/14 out=Add a note
21:30:55 [cli]  FILTER wpml_translate_string in=field:info:content package=open-product-fields/14 out=<b>Information</b>
21:30:55 [cli]  FILTER wpml_translate_string in=field:extra:label package=open-product-fields/14 out=Extras
21:30:55 [cli]  FILTER wpml_translate_string in=field:extra:choice:card package=open-product-fields/14 out=Card
21:30:55 [cli]  FILTER wpml_translate_string in=field:extra:repeat:add package=open-product-fields/14 out=Add another
21:30:55 [cli]  FILTER wpml_translate_string in=field:extra:repeat:del package=open-product-fields/14 out=Remove
21:30:55 [cli]  FILTER wpml_translate_string in=field:extra:repeat:label package=open-product-fields/14 out=Copy {n}
21:30:55 [cli]  FILTER wpml_translate_string in=field:gift:label package=open-product-fields/14 out=Gift wrap
21:30:55 [cli]  FILTER wpml_translate_string in=field:gift:description package=open-product-fields/14 out=Choose wrapping
21:30:55 [cli]  FILTER wpml_translate_string in=field:gift:placeholder package=open-product-fields/14 out=Select an option
21:30:55 [cli]  FILTER wpml_translate_string in=field:gift:choice:red package=open-product-fields/14 out=Red
21:30:55 [cli]  FILTER wpml_translate_string in=field:gift:choice:blue package=open-product-fields/14 out=Blue
21:30:55 [cli]  FILTER wpml_translate_string in=field:note:label package=open-product-fields/14 out=Note
21:30:55 [cli]  FILTER wpml_translate_string in=field:note:placeholder package=open-product-fields/14 out=Add a note
21:30:55 [cli]  FILTER wpml_translate_string in=field:info:content package=open-product-fields/14 out=<b>Information</b>
21:30:55 [cli]  FILTER wpml_translate_string in=field:extra:label package=open-product-fields/14 out=Extras
21:30:55 [cli]  FILTER wpml_translate_string in=field:extra:choice:card package=open-product-fields/14 out=Card
21:30:55 [cli]  FILTER wpml_translate_string in=field:extra:repeat:add package=open-product-fields/14 out=Add another
21:30:55 [cli]  FILTER wpml_translate_string in=field:extra:repeat:del package=open-product-fields/14 out=Remove
21:30:55 [cli]  FILTER wpml_translate_string in=field:extra:repeat:label package=open-product-fields/14 out=Copy {n}
21:30:55 [cli]  FILTER wpml_translate_string in=field:gift:label package=open-product-fields/14 out=Gift wrap
21:30:55 [cli]  FILTER wpml_translate_string in=field:gift:description package=open-product-fields/14 out=Choose wrapping
21:30:55 [cli]  FILTER wpml_translate_string in=field:gift:placeholder package=open-product-fields/14 out=Select an option
21:30:55 [cli]  FILTER wpml_translate_string in=field:gift:choice:red package=open-product-fields/14 out=Red
21:30:55 [cli]  FILTER wpml_translate_string in=field:gift:choice:blue package=open-product-fields/14 out=Blue
21:30:55 [cli]  FILTER wpml_translate_string in=field:note:label package=open-product-fields/14 out=Note
21:30:55 [cli]  FILTER wpml_translate_string in=field:note:placeholder package=open-product-fields/14 out=Add a note
21:30:55 [cli]  FILTER wpml_translate_string in=field:info:content package=open-product-fields/14 out=<b>Information</b>
21:30:55 [cli]  FILTER wpml_translate_string in=field:extra:label package=open-product-fields/14 out=Extras
21:30:55 [cli]  FILTER wpml_translate_string in=field:extra:choice:card package=open-product-fields/14 out=Card
21:30:55 [cli]  FILTER wpml_translate_string in=field:extra:repeat:add package=open-product-fields/14 out=Add another
21:30:55 [cli]  FILTER wpml_translate_string in=field:extra:repeat:del package=open-product-fields/14 out=Remove
21:30:55 [cli]  FILTER wpml_translate_string in=field:extra:repeat:label package=open-product-fields/14 out=Copy {n}
21:30:55 [cli]  FILTER wpml_translate_string in=field:gift:label package=open-product-fields/14 out=Gift wrap
21:30:55 [cli]  FILTER wpml_translate_string in=field:gift:description package=open-product-fields/14 out=Choose wrapping
21:30:55 [cli]  FILTER wpml_translate_string in=field:gift:placeholder package=open-product-fields/14 out=Select an option
21:30:55 [cli]  FILTER wpml_translate_string in=field:gift:choice:red package=open-product-fields/14 out=Red
21:30:55 [cli]  FILTER wpml_translate_string in=field:gift:choice:blue package=open-product-fields/14 out=Blue
21:30:55 [cli]  FILTER wpml_translate_string in=field:note:label package=open-product-fields/14 out=Note
21:30:55 [cli]  FILTER wpml_translate_string in=field:note:placeholder package=open-product-fields/14 out=Add a note
21:30:55 [cli]  FILTER wpml_translate_string in=field:info:content package=open-product-fields/14 out=<b>Information</b>
21:30:55 [cli]  FILTER wpml_translate_string in=field:extra:label package=open-product-fields/14 out=Extras
21:30:55 [cli]  FILTER wpml_translate_string in=field:extra:choice:card package=open-product-fields/14 out=Card
21:30:55 [cli]  FILTER wpml_translate_string in=field:extra:repeat:add package=open-product-fields/14 out=Add another
21:30:55 [cli]  FILTER wpml_translate_string in=field:extra:repeat:del package=open-product-fields/14 out=Remove
21:30:55 [cli]  FILTER wpml_translate_string in=field:extra:repeat:label package=open-product-fields/14 out=Copy {n}
21:30:55 [cli]  FILTER wpml_translate_string in=field:gift:label package=open-product-fields/14 out=Gift wrap
21:30:55 [cli]  FILTER wpml_translate_string in=field:gift:description package=open-product-fields/14 out=Choose wrapping
21:30:55 [cli]  FILTER wpml_translate_string in=field:gift:placeholder package=open-product-fields/14 out=Select an option
21:30:55 [cli]  FILTER wpml_translate_string in=field:gift:choice:red package=open-product-fields/14 out=Red
21:30:55 [cli]  FILTER wpml_translate_string in=field:gift:choice:blue package=open-product-fields/14 out=Blue
21:30:55 [cli]  FILTER wpml_translate_string in=field:note:label package=open-product-fields/14 out=Note
21:30:55 [cli]  FILTER wpml_translate_string in=field:note:placeholder package=open-product-fields/14 out=Add a note
21:30:55 [cli]  FILTER wpml_translate_string in=field:info:content package=open-product-fields/14 out=<b>Information</b>
21:30:55 [cli]  FILTER wpml_translate_string in=field:extra:label package=open-product-fields/14 out=Extras
21:30:55 [cli]  FILTER wpml_translate_string in=field:extra:choice:card package=open-product-fields/14 out=Card
21:30:55 [cli]  FILTER wpml_translate_string in=field:extra:repeat:add package=open-product-fields/14 out=Add another
21:30:55 [cli]  FILTER wpml_translate_string in=field:extra:repeat:del package=open-product-fields/14 out=Remove
21:30:55 [cli]  FILTER wpml_translate_string in=field:extra:repeat:label package=open-product-fields/14 out=Copy {n}
21:30:55 [cli]  FILTER wpml_translate_string in=field:gift:label package=open-product-fields/14 out=Gift wrap
21:30:55 [cli]  FILTER wpml_translate_string in=field:gift:description package=open-product-fields/14 out=Choose wrapping
21:30:55 [cli]  FILTER wpml_translate_string in=field:gift:placeholder package=open-product-fields/14 out=Select an option
21:30:55 [cli]  FILTER wpml_translate_string in=field:gift:choice:red package=open-product-fields/14 out=Red
21:30:55 [cli]  FILTER wpml_translate_string in=field:gift:choice:blue package=open-product-fields/14 out=Blue
21:30:55 [cli]  FILTER wpml_translate_string in=field:note:label package=open-product-fields/14 out=Note
21:30:55 [cli]  FILTER wpml_translate_string in=field:note:placeholder package=open-product-fields/14 out=Add a note
21:30:55 [cli]  FILTER wpml_translate_string in=field:info:content package=open-product-fields/14 out=<b>Information</b>
21:30:55 [cli]  FILTER wpml_translate_string in=field:extra:label package=open-product-fields/14 out=Extras
21:30:55 [cli]  FILTER wpml_translate_string in=field:extra:choice:card package=open-product-fields/14 out=Card
21:30:55 [cli]  FILTER wpml_translate_string in=field:extra:repeat:add package=open-product-fields/14 out=Add another
21:30:55 [cli]  FILTER wpml_translate_string in=field:extra:repeat:del package=open-product-fields/14 out=Remove
21:30:55 [cli]  FILTER wpml_translate_string in=field:extra:repeat:label package=open-product-fields/14 out=Copy {n}
21:30:55 [cli]  FILTER wpml_translate_string in=field:gift:label package=open-product-fields/14 out=Gift wrap
21:30:55 [cli]  FILTER wpml_translate_string in=field:gift:description package=open-product-fields/14 out=Choose wrapping
21:30:55 [cli]  FILTER wpml_translate_string in=field:gift:placeholder package=open-product-fields/14 out=Select an option
21:30:55 [cli]  FILTER wpml_translate_string in=field:gift:choice:red package=open-product-fields/14 out=Red
21:30:55 [cli]  FILTER wpml_translate_string in=field:gift:choice:blue package=open-product-fields/14 out=Blue
21:30:55 [cli]  FILTER wpml_translate_string in=field:note:label package=open-product-fields/14 out=Note
21:30:55 [cli]  FILTER wpml_translate_string in=field:note:placeholder package=open-product-fields/14 out=Add a note
21:30:55 [cli]  FILTER wpml_translate_string in=field:info:content package=open-product-fields/14 out=<b>Information</b>
21:30:55 [cli]  FILTER wpml_translate_string in=field:extra:label package=open-product-fields/14 out=Extras
21:30:55 [cli]  FILTER wpml_translate_string in=field:extra:choice:card package=open-product-fields/14 out=Card
21:30:55 [cli]  FILTER wpml_translate_string in=field:extra:repeat:add package=open-product-fields/14 out=Add another
21:30:55 [cli]  FILTER wpml_translate_string in=field:extra:repeat:del package=open-product-fields/14 out=Remove
21:30:55 [cli]  FILTER wpml_translate_string in=field:extra:repeat:label package=open-product-fields/14 out=Copy {n}
21:30:55 [cli]  FILTER wpml_translate_string in=field:gift:label package=open-product-fields/14 out=Gift wrap
21:30:55 [cli]  FILTER wpml_translate_string in=field:gift:description package=open-product-fields/14 out=Choose wrapping
21:30:55 [cli]  FILTER wpml_translate_string in=field:gift:placeholder package=open-product-fields/14 out=Select an option
21:30:55 [cli]  FILTER wpml_translate_string in=field:gift:choice:red package=open-product-fields/14 out=Red
21:30:55 [cli]  FILTER wpml_translate_string in=field:gift:choice:blue package=open-product-fields/14 out=Blue
21:30:55 [cli]  FILTER wpml_translate_string in=field:note:label package=open-product-fields/14 out=Note
21:30:55 [cli]  FILTER wpml_translate_string in=field:note:placeholder package=open-product-fields/14 out=Add a note
21:30:55 [cli]  FILTER wpml_translate_string in=field:info:content package=open-product-fields/14 out=<b>Information</b>
21:30:55 [cli]  FILTER wpml_translate_string in=field:extra:label package=open-product-fields/14 out=Extras
21:30:55 [cli]  FILTER wpml_translate_string in=field:extra:choice:card package=open-product-fields/14 out=Card
21:30:55 [cli]  FILTER wpml_translate_string in=field:extra:repeat:add package=open-product-fields/14 out=Add another
21:30:55 [cli]  FILTER wpml_translate_string in=field:extra:repeat:del package=open-product-fields/14 out=Remove
21:30:55 [cli]  FILTER wpml_translate_string in=field:extra:repeat:label package=open-product-fields/14 out=Copy {n}
21:30:55 [cli]  FILTER wpml_translate_string in=field:gift:label package=open-product-fields/14 out=Gift wrap
21:30:55 [cli]  FILTER wpml_translate_string in=field:gift:description package=open-product-fields/14 out=Choose wrapping
21:30:55 [cli]  FILTER wpml_translate_string in=field:gift:placeholder package=open-product-fields/14 out=Select an option
21:30:55 [cli]  FILTER wpml_translate_string in=field:gift:choice:red package=open-product-fields/14 out=Red
21:30:55 [cli]  FILTER wpml_translate_string in=field:gift:choice:blue package=open-product-fields/14 out=Blue
21:30:55 [cli]  FILTER wpml_translate_string in=field:note:label package=open-product-fields/14 out=Note
21:30:55 [cli]  FILTER wpml_translate_string in=field:note:placeholder package=open-product-fields/14 out=Add a note
21:30:55 [cli]  FILTER wpml_translate_string in=field:info:content package=open-product-fields/14 out=<b>Information</b>
21:30:55 [cli]  FILTER wpml_translate_string in=field:extra:label package=open-product-fields/14 out=Extras
21:30:55 [cli]  FILTER wpml_translate_string in=field:extra:choice:card package=open-product-fields/14 out=Card
21:30:55 [cli]  FILTER wpml_translate_string in=field:extra:repeat:add package=open-product-fields/14 out=Add another
21:30:55 [cli]  FILTER wpml_translate_string in=field:extra:repeat:del package=open-product-fields/14 out=Remove
21:30:55 [cli]  FILTER wpml_translate_string in=field:extra:repeat:label package=open-product-fields/14 out=Copy {n}
21:30:55 [cli]  FILTER wpml_translate_string in=field:gift:label package=open-product-fields/14 out=Gift wrap
21:30:55 [cli]  FILTER wpml_translate_string in=field:gift:description package=open-product-fields/14 out=Choose wrapping
21:30:55 [cli]  FILTER wpml_translate_string in=field:gift:placeholder package=open-product-fields/14 out=Select an option
21:30:55 [cli]  FILTER wpml_translate_string in=field:gift:choice:red package=open-product-fields/14 out=Red
21:30:55 [cli]  FILTER wpml_translate_string in=field:gift:choice:blue package=open-product-fields/14 out=Blue
21:30:55 [cli]  FILTER wpml_translate_string in=field:note:label package=open-product-fields/14 out=Note
21:30:55 [cli]  FILTER wpml_translate_string in=field:note:placeholder package=open-product-fields/14 out=Add a note
21:30:55 [cli]  FILTER wpml_translate_string in=field:info:content package=open-product-fields/14 out=<b>Information</b>
21:30:55 [cli]  FILTER wpml_translate_string in=field:extra:label package=open-product-fields/14 out=Extras
21:30:55 [cli]  FILTER wpml_translate_string in=field:extra:choice:card package=open-product-fields/14 out=Card
21:30:55 [cli]  FILTER wpml_translate_string in=field:extra:repeat:add package=open-product-fields/14 out=Add another
21:30:55 [cli]  FILTER wpml_translate_string in=field:extra:repeat:del package=open-product-fields/14 out=Remove
21:30:55 [cli]  FILTER wpml_translate_string in=field:extra:repeat:label package=open-product-fields/14 out=Copy {n}
21:30:56 [cli]  HOOK-STATE WPML_TM_VERSION=2.11.0 setup_complete=1 action(wpml_register_string)=1:closure,10:WPML_Package_Translation::register_string_action filter(wpml_translate_string)=1:closure,10:WPML_Package_Translation::translate_string action(wpml_start_string_package_registration)=1:closure,10:WPML_Package_Translation::start_string_package_registration_action action(wpml_delete_unused_package_strings)=1:closure,10:WPML_Package_Translation::delete_unused_package_strings_action filter(wpml_st_get_string_package)=10:WPML_Package_Translation::get_string_package filter(wpml_active_string_package_kinds)=none
21:30:56 [cli]  GUARD-BOOT icl_version_defined=true handler=true st_global=WPML_String_Translation strings_api_available=true
21:30:56 [cli]  GUARD strings_api_available=true outdated_class=absent isStOutdated=false admin_notice_hooked=false register_handler=true
21:30:57 [cli]  HOOK-STATE WPML_TM_VERSION=2.11.0 setup_complete=1 action(wpml_register_string)=1:closure,10:WPML_Package_Translation::register_string_action filter(wpml_translate_string)=1:closure,10:WPML_Package_Translation::translate_string action(wpml_start_string_package_registration)=1:closure,10:WPML_Package_Translation::start_string_package_registration_action action(wpml_delete_unused_package_strings)=1:closure,10:WPML_Package_Translation::delete_unused_package_strings_action filter(wpml_st_get_string_package)=10:WPML_Package_Translation::get_string_package filter(wpml_active_string_package_kinds)=none
21:30:57 [cli]  GUARD-BOOT icl_version_defined=true handler=true st_global=WPML_String_Translation strings_api_available=true
21:30:57 [cli]  GUARD strings_api_available=true outdated_class=absent isStOutdated=false admin_notice_hooked=false register_handler=true
21:31:23 [cli]  HOOK-STATE WPML_TM_VERSION=2.11.0 setup_complete=1 action(wpml_register_string)=1:closure,10:WPML_Package_Translation::register_string_action filter(wpml_translate_string)=1:closure,10:WPML_Package_Translation::translate_string action(wpml_start_string_package_registration)=1:closure,10:WPML_Package_Translation::start_string_package_registration_action action(wpml_delete_unused_package_strings)=1:closure,10:WPML_Package_Translation::delete_unused_package_strings_action filter(wpml_st_get_string_package)=10:WPML_Package_Translation::get_string_package filter(wpml_active_string_package_kinds)=none
21:31:23 [cli]  GUARD-BOOT icl_version_defined=true handler=true st_global=WPML_String_Translation strings_api_available=true
21:31:23 [cli]  GUARD strings_api_available=true outdated_class=absent isStOutdated=false admin_notice_hooked=false register_handler=true
21:31:30 [cli]  HOOK-STATE WPML_TM_VERSION=2.11.0 setup_complete=1 action(wpml_register_string)=1:closure,10:WPML_Package_Translation::register_string_action filter(wpml_translate_string)=1:closure,10:WPML_Package_Translation::translate_string action(wpml_start_string_package_registration)=1:closure,10:WPML_Package_Translation::start_string_package_registration_action action(wpml_delete_unused_package_strings)=1:closure,10:WPML_Package_Translation::delete_unused_package_strings_action filter(wpml_st_get_string_package)=10:WPML_Package_Translation::get_string_package filter(wpml_active_string_package_kinds)=none
21:31:30 [cli]  GUARD-BOOT icl_version_defined=true handler=true st_global=WPML_String_Translation strings_api_available=true
21:31:30 [cli]  GUARD strings_api_available=true outdated_class=absent isStOutdated=false admin_notice_hooked=false register_handler=true
21:31:31 [cli]  FILTER wpml_translate_string in=field:gift:label package=open-product-fields/14 out=Gift wrap
21:31:31 [cli]  HOOK-STATE WPML_TM_VERSION=2.11.0 setup_complete=1 action(wpml_register_string)=1:closure,10:WPML_Package_Translation::register_string_action filter(wpml_translate_string)=1:closure,10:WPML_Package_Translation::translate_string action(wpml_start_string_package_registration)=1:closure,10:WPML_Package_Translation::start_string_package_registration_action action(wpml_delete_unused_package_strings)=1:closure,10:WPML_Package_Translation::delete_unused_package_strings_action filter(wpml_st_get_string_package)=10:WPML_Package_Translation::get_string_package filter(wpml_active_string_package_kinds)=none
21:31:31 [cli]  GUARD-BOOT icl_version_defined=true handler=true st_global=WPML_String_Translation strings_api_available=true
21:31:31 [cli]  GUARD strings_api_available=true outdated_class=absent isStOutdated=false admin_notice_hooked=false register_handler=true
21:31:32 [cli]  FILTER wpml_translate_string in=field:gift:label package=open-product-fields/14 out=Gift wrap
21:31:45 [admin] /wp-admin/ HOOK-STATE WPML_TM_VERSION=2.11.0 setup_complete=1 action(wpml_register_string)=1:closure,10:WPML_Package_Translation::register_string_action filter(wpml_translate_string)=1:closure,10:WPML_Package_Translation::translate_string action(wpml_start_string_package_registration)=1:closure,10:WPML_Package_Translation::start_string_package_registration_action action(wpml_delete_unused_package_strings)=1:closure,10:WPML_Package_Translation::delete_unused_package_strings_action filter(wpml_st_get_string_package)=10:WPML_Package_Translation::get_string_package filter(wpml_active_string_package_kinds)=10:WPML_Package_Translation::get_active_string_package_kinds
21:31:45 [admin] /wp-admin/ GUARD-BOOT icl_version_defined=true handler=true st_global=WPML_String_Translation strings_api_available=true
21:31:45 [admin] /wp-admin/ GUARD strings_api_available=true outdated_class=absent isStOutdated=false admin_notice_hooked=false register_handler=true
21:31:45 [admin] /wp-admin/admin.php?page=tm/menu/main.php&tab=strings&context=open-product-fields-14&show_results=all&lang=es HOOK-STATE WPML_TM_VERSION=2.11.0 setup_complete=1 action(wpml_register_string)=1:closure,10:WPML_Package_Translation::register_string_action filter(wpml_translate_string)=1:closure,10:WPML_Package_Translation::translate_string action(wpml_start_string_package_registration)=1:closure,10:WPML_Package_Translation::start_string_package_registration_action action(wpml_delete_unused_package_strings)=1:closure,10:WPML_Package_Translation::delete_unused_package_strings_action filter(wpml_st_get_string_package)=10:WPML_Package_Translation::get_string_package filter(wpml_active_string_package_kinds)=10:WPML_Package_Translation::get_active_string_package_kinds
21:31:45 [admin] /wp-admin/admin.php?page=tm/menu/main.php&tab=strings&context=open-product-fields-14&show_results=all&lang=es GUARD-BOOT icl_version_defined=true handler=true st_global=WPML_String_Translation strings_api_available=true
21:31:45 [admin] /wp-admin/admin.php?page=tm/menu/main.php&tab=strings&context=open-product-fields-14&show_results=all&lang=es GUARD strings_api_available=true outdated_class=absent isStOutdated=false admin_notice_hooked=false register_handler=true
21:31:46 [front] /es/producto/tarjeta-regalo/ HOOK-STATE WPML_TM_VERSION=2.11.0 setup_complete=1 action(wpml_register_string)=1:closure,10:WPML_Package_Translation::register_string_action filter(wpml_translate_string)=1:closure,10:WPML_Package_Translation::translate_string action(wpml_start_string_package_registration)=1:closure,10:WPML_Package_Translation::start_string_package_registration_action action(wpml_delete_unused_package_strings)=1:closure,10:WPML_Package_Translation::delete_unused_package_strings_action filter(wpml_st_get_string_package)=10:WPML_Package_Translation::get_string_package filter(wpml_active_string_package_kinds)=none
21:31:46 [front] /es/producto/tarjeta-regalo/ GUARD-BOOT icl_version_defined=true handler=true st_global=WPML_String_Translation strings_api_available=true
21:31:46 [front] /es/producto/tarjeta-regalo/ GUARD strings_api_available=true outdated_class=absent isStOutdated=false admin_notice_hooked=false register_handler=true
21:31:46 [front] /es/producto/tarjeta-regalo/ FILTER wpml_translate_string in=field:gift:label package=open-product-fields/14 out=Gift wrap
21:31:46 [front] /es/producto/tarjeta-regalo/ FILTER wpml_translate_string in=field:gift:description package=open-product-fields/14 out=Choose wrapping
21:31:46 [front] /es/producto/tarjeta-regalo/ FILTER wpml_translate_string in=field:gift:placeholder package=open-product-fields/14 out=Select an option
21:31:46 [front] /es/producto/tarjeta-regalo/ FILTER wpml_translate_string in=field:gift:choice:red package=open-product-fields/14 out=Red
21:31:46 [front] /es/producto/tarjeta-regalo/ FILTER wpml_translate_string in=field:gift:choice:blue package=open-product-fields/14 out=Blue
21:31:46 [front] /es/producto/tarjeta-regalo/ FILTER wpml_translate_string in=field:note:label package=open-product-fields/14 out=Note
21:31:46 [front] /es/producto/tarjeta-regalo/ FILTER wpml_translate_string in=field:note:placeholder package=open-product-fields/14 out=Add a note
21:31:46 [front] /es/producto/tarjeta-regalo/ FILTER wpml_translate_string in=field:info:content package=open-product-fields/14 out=<b>Information</b>
21:31:46 [front] /es/producto/tarjeta-regalo/ FILTER wpml_translate_string in=field:extra:label package=open-product-fields/14 out=Extras
21:31:46 [front] /es/producto/tarjeta-regalo/ FILTER wpml_translate_string in=field:extra:choice:card package=open-product-fields/14 out=Card
21:31:46 [front] /es/producto/tarjeta-regalo/ FILTER wpml_translate_string in=field:extra:repeat:add package=open-product-fields/14 out=Add another
21:31:46 [front] /es/producto/tarjeta-regalo/ FILTER wpml_translate_string in=field:extra:repeat:del package=open-product-fields/14 out=Remove
21:31:46 [front] /es/producto/tarjeta-regalo/ FILTER wpml_translate_string in=field:extra:repeat:label package=open-product-fields/14 out=Copy {n}
